Archive member included to satisfy reference by file (symbol)

c:/siliconlabs/simplicitystudio/v4/developer/toolchains/gnu_arm/7.2_2017q4/bin/../lib/gcc/arm-none-eabi/7.2.1/thumb/v7e-m/fpv4-sp/softfp\libgcc.a(_aeabi_uldivmod.o)
                              ./emlib/em_usart.o (__aeabi_uldivmod)
c:/siliconlabs/simplicitystudio/v4/developer/toolchains/gnu_arm/7.2_2017q4/bin/../lib/gcc/arm-none-eabi/7.2.1/thumb/v7e-m/fpv4-sp/softfp\libgcc.a(_udivmoddi4.o)
                              c:/siliconlabs/simplicitystudio/v4/developer/toolchains/gnu_arm/7.2_2017q4/bin/../lib/gcc/arm-none-eabi/7.2.1/thumb/v7e-m/fpv4-sp/softfp\libgcc.a(_aeabi_uldivmod.o) (__udivmoddi4)
c:/siliconlabs/simplicitystudio/v4/developer/toolchains/gnu_arm/7.2_2017q4/bin/../lib/gcc/arm-none-eabi/7.2.1/thumb/v7e-m/fpv4-sp/softfp\libgcc.a(_dvmd_tls.o)
                              c:/siliconlabs/simplicitystudio/v4/developer/toolchains/gnu_arm/7.2_2017q4/bin/../lib/gcc/arm-none-eabi/7.2.1/thumb/v7e-m/fpv4-sp/softfp\libgcc.a(_aeabi_uldivmod.o) (__aeabi_ldiv0)
c:/siliconlabs/simplicitystudio/v4/developer/toolchains/gnu_arm/7.2_2017q4/bin/../lib/gcc/arm-none-eabi/7.2.1/../../../../arm-none-eabi/lib/thumb/v7e-m/fpv4-sp/softfp\libc_nano.a(lib_a-exit.o)
                              c:/siliconlabs/simplicitystudio/v4/developer/toolchains/gnu_arm/7.2_2017q4/bin/../lib/gcc/arm-none-eabi/7.2.1/../../../../arm-none-eabi/lib/thumb/v7e-m/fpv4-sp/softfp/crt0.o (exit)
c:/siliconlabs/simplicitystudio/v4/developer/toolchains/gnu_arm/7.2_2017q4/bin/../lib/gcc/arm-none-eabi/7.2.1/../../../../arm-none-eabi/lib/thumb/v7e-m/fpv4-sp/softfp\libc_nano.a(lib_a-impure.o)
                              c:/siliconlabs/simplicitystudio/v4/developer/toolchains/gnu_arm/7.2_2017q4/bin/../lib/gcc/arm-none-eabi/7.2.1/../../../../arm-none-eabi/lib/thumb/v7e-m/fpv4-sp/softfp\libc_nano.a(lib_a-exit.o) (_global_impure_ptr)
c:/siliconlabs/simplicitystudio/v4/developer/toolchains/gnu_arm/7.2_2017q4/bin/../lib/gcc/arm-none-eabi/7.2.1/../../../../arm-none-eabi/lib/thumb/v7e-m/fpv4-sp/softfp\libc_nano.a(lib_a-init.o)
                              c:/siliconlabs/simplicitystudio/v4/developer/toolchains/gnu_arm/7.2_2017q4/bin/../lib/gcc/arm-none-eabi/7.2.1/../../../../arm-none-eabi/lib/thumb/v7e-m/fpv4-sp/softfp/crt0.o (__libc_init_array)
c:/siliconlabs/simplicitystudio/v4/developer/toolchains/gnu_arm/7.2_2017q4/bin/../lib/gcc/arm-none-eabi/7.2.1/../../../../arm-none-eabi/lib/thumb/v7e-m/fpv4-sp/softfp\libc_nano.a(lib_a-memcpy-stub.o)
                              ./emlib/em_crypto.o (memcpy)
c:/siliconlabs/simplicitystudio/v4/developer/toolchains/gnu_arm/7.2_2017q4/bin/../lib/gcc/arm-none-eabi/7.2.1/../../../../arm-none-eabi/lib/thumb/v7e-m/fpv4-sp/softfp\libc_nano.a(lib_a-memset.o)
                              c:/siliconlabs/simplicitystudio/v4/developer/toolchains/gnu_arm/7.2_2017q4/bin/../lib/gcc/arm-none-eabi/7.2.1/../../../../arm-none-eabi/lib/thumb/v7e-m/fpv4-sp/softfp/crt0.o (memset)
c:/siliconlabs/simplicitystudio/v4/developer/toolchains/gnu_arm/7.2_2017q4/bin/../lib/gcc/arm-none-eabi/7.2.1/../../../../arm-none-eabi/lib/thumb/v7e-m/fpv4-sp/softfp\libnosys.a(_exit.o)
                              c:/siliconlabs/simplicitystudio/v4/developer/toolchains/gnu_arm/7.2_2017q4/bin/../lib/gcc/arm-none-eabi/7.2.1/../../../../arm-none-eabi/lib/thumb/v7e-m/fpv4-sp/softfp\libc_nano.a(lib_a-exit.o) (_exit)

Discarded input sections

 .text          0x00000000        0x0 c:/siliconlabs/simplicitystudio/v4/developer/toolchains/gnu_arm/7.2_2017q4/bin/../lib/gcc/arm-none-eabi/7.2.1/thumb/v7e-m/fpv4-sp/softfp/crti.o
 .data          0x00000000        0x0 c:/siliconlabs/simplicitystudio/v4/developer/toolchains/gnu_arm/7.2_2017q4/bin/../lib/gcc/arm-none-eabi/7.2.1/thumb/v7e-m/fpv4-sp/softfp/crti.o
 .bss           0x00000000        0x0 c:/siliconlabs/simplicitystudio/v4/developer/toolchains/gnu_arm/7.2_2017q4/bin/../lib/gcc/arm-none-eabi/7.2.1/thumb/v7e-m/fpv4-sp/softfp/crti.o
 .data          0x00000000        0x4 c:/siliconlabs/simplicitystudio/v4/developer/toolchains/gnu_arm/7.2_2017q4/bin/../lib/gcc/arm-none-eabi/7.2.1/thumb/v7e-m/fpv4-sp/softfp/crtbegin.o
 .data          0x00000000        0x0 c:/siliconlabs/simplicitystudio/v4/developer/toolchains/gnu_arm/7.2_2017q4/bin/../lib/gcc/arm-none-eabi/7.2.1/../../../../arm-none-eabi/lib/thumb/v7e-m/fpv4-sp/softfp/crt0.o
 .bss           0x00000000        0x0 c:/siliconlabs/simplicitystudio/v4/developer/toolchains/gnu_arm/7.2_2017q4/bin/../lib/gcc/arm-none-eabi/7.2.1/../../../../arm-none-eabi/lib/thumb/v7e-m/fpv4-sp/softfp/crt0.o
 .ARM.extab     0x00000000        0x0 c:/siliconlabs/simplicitystudio/v4/developer/toolchains/gnu_arm/7.2_2017q4/bin/../lib/gcc/arm-none-eabi/7.2.1/../../../../arm-none-eabi/lib/thumb/v7e-m/fpv4-sp/softfp/crt0.o
 .data          0x00000000        0x0 ./CMSIS/EFM32PG12B/startup_gcc_efm32pg12b.o
 .bss           0x00000000        0x0 ./CMSIS/EFM32PG12B/startup_gcc_efm32pg12b.o
[...]
Memory Configuration

Name             Origin             Length             Attributes
FLASH            0x00000000         0x00100000         xr
RAM              0x20000000         0x00040000         xrw
*default*        0x00000000         0xffffffff

Linker script and memory map

LOAD c:/siliconlabs/simplicitystudio/v4/developer/toolchains/gnu_arm/7.2_2017q4/bin/../lib/gcc/arm-none-eabi/7.2.1/thumb/v7e-m/fpv4-sp/softfp/crti.o
LOAD c:/siliconlabs/simplicitystudio/v4/developer/toolchains/gnu_arm/7.2_2017q4/bin/../lib/gcc/arm-none-eabi/7.2.1/thumb/v7e-m/fpv4-sp/softfp/crtbegin.o
LOAD c:/siliconlabs/simplicitystudio/v4/developer/toolchains/gnu_arm/7.2_2017q4/bin/../lib/gcc/arm-none-eabi/7.2.1/../../../../arm-none-eabi/lib/thumb/v7e-m/fpv4-sp/softfp/crt0.o
LOAD ./CMSIS/EFM32PG12B/startup_gcc_efm32pg12b.o
LOAD ./CMSIS/EFM32PG12B/system_efm32pg12b.o
LOAD ./emlib/em_acmp.o
LOAD ./emlib/em_adc.o
LOAD ./emlib/em_aes.o
LOAD ./emlib/em_assert.o
LOAD ./emlib/em_burtc.o
LOAD ./emlib/em_can.o
LOAD ./emlib/em_cmu.o
LOAD ./emlib/em_core.o
LOAD ./emlib/em_cryotimer.o
LOAD ./emlib/em_crypto.o
LOAD ./emlib/em_csen.o
LOAD ./emlib/em_dac.o
LOAD ./emlib/em_dbg.o
LOAD ./emlib/em_dma.o
LOAD ./emlib/em_ebi.o
LOAD ./emlib/em_emu.o
LOAD ./emlib/em_gpcrc.o
LOAD ./emlib/em_gpio.o
LOAD ./emlib/em_i2c.o
LOAD ./emlib/em_iadc.o
LOAD ./emlib/em_idac.o
LOAD ./emlib/em_int.o
LOAD ./emlib/em_lcd.o
LOAD ./emlib/em_ldma.o
LOAD ./emlib/em_lesense.o
LOAD ./emlib/em_letimer.o
LOAD ./emlib/em_leuart.o
LOAD ./emlib/em_mpu.o
LOAD ./emlib/em_msc.o
LOAD ./emlib/em_opamp.o
LOAD ./emlib/em_pcnt.o
LOAD ./emlib/em_pdm.o
LOAD ./emlib/em_prs.o
LOAD ./emlib/em_qspi.o
LOAD ./emlib/em_rmu.o
LOAD ./emlib/em_rtc.o
LOAD ./emlib/em_rtcc.o
LOAD ./emlib/em_se.o
LOAD ./emlib/em_system.o
LOAD ./emlib/em_timer.o
LOAD ./emlib/em_usart.o
LOAD ./emlib/em_vcmp.o
LOAD ./emlib/em_vdac.o
LOAD ./emlib/em_wdog.o
LOAD ./src/Source_files/app.o
LOAD ./src/Source_files/cmu.o
LOAD ./src/Source_files/gpio.o
LOAD ./src/Source_files/letimer.o
LOAD ./src/Source_files/scheduler.o
LOAD ./src/Source_files/sleep_routines.o
LOAD ./src/main.o
START GROUP
LOAD c:/siliconlabs/simplicitystudio/v4/developer/toolchains/gnu_arm/7.2_2017q4/bin/../lib/gcc/arm-none-eabi/7.2.1/thumb/v7e-m/fpv4-sp/softfp\libgcc.a
LOAD c:/siliconlabs/simplicitystudio/v4/developer/toolchains/gnu_arm/7.2_2017q4/bin/../lib/gcc/arm-none-eabi/7.2.1/../../../../arm-none-eabi/lib/thumb/v7e-m/fpv4-sp/softfp\libc_nano.a
LOAD c:/siliconlabs/simplicitystudio/v4/developer/toolchains/gnu_arm/7.2_2017q4/bin/../lib/gcc/arm-none-eabi/7.2.1/../../../../arm-none-eabi/lib/thumb/v7e-m/fpv4-sp/softfp\libnosys.a
END GROUP
START GROUP
LOAD c:/siliconlabs/simplicitystudio/v4/developer/toolchains/gnu_arm/7.2_2017q4/bin/../lib/gcc/arm-none-eabi/7.2.1/thumb/v7e-m/fpv4-sp/softfp\libgcc.a
LOAD c:/siliconlabs/simplicitystudio/v4/developer/toolchains/gnu_arm/7.2_2017q4/bin/../lib/gcc/arm-none-eabi/7.2.1/../../../../arm-none-eabi/lib/thumb/v7e-m/fpv4-sp/softfp\libg_nano.a
LOAD c:/siliconlabs/simplicitystudio/v4/developer/toolchains/gnu_arm/7.2_2017q4/bin/../lib/gcc/arm-none-eabi/7.2.1/../../../../arm-none-eabi/lib/thumb/v7e-m/fpv4-sp/softfp\libc_nano.a
END GROUP
START GROUP
LOAD c:/siliconlabs/simplicitystudio/v4/developer/toolchains/gnu_arm/7.2_2017q4/bin/../lib/gcc/arm-none-eabi/7.2.1/thumb/v7e-m/fpv4-sp/softfp\libgcc.a
LOAD c:/siliconlabs/simplicitystudio/v4/developer/toolchains/gnu_arm/7.2_2017q4/bin/../lib/gcc/arm-none-eabi/7.2.1/../../../../arm-none-eabi/lib/thumb/v7e-m/fpv4-sp/softfp\libc_nano.a
END GROUP
LOAD c:/siliconlabs/simplicitystudio/v4/developer/toolchains/gnu_arm/7.2_2017q4/bin/../lib/gcc/arm-none-eabi/7.2.1/thumb/v7e-m/fpv4-sp/softfp/crtend.o
LOAD c:/siliconlabs/simplicitystudio/v4/developer/toolchains/gnu_arm/7.2_2017q4/bin/../lib/gcc/arm-none-eabi/7.2.1/thumb/v7e-m/fpv4-sp/softfp/crtn.o

.text           0x00000000     0x3954
 *(.vectors)
 .vectors       0x00000000      0x10c ./CMSIS/EFM32PG12B/startup_gcc_efm32pg12b.o
                0x00000000                __Vectors
                0x0000010c                __Vectors_End = .
                0x0000010c                __Vectors_Size = (__Vectors_End - __Vectors)
                0x0000010c                __end__ = .
 *(.text*)
 .text          0x0000010c       0x40 c:/siliconlabs/simplicitystudio/v4/developer/toolchains/gnu_arm/7.2_2017q4/bin/../lib/gcc/arm-none-eabi/7.2.1/thumb/v7e-m/fpv4-sp/softfp/crtbegin.o
 .text          0x0000014c       0x74 c:/siliconlabs/simplicitystudio/v4/developer/toolchains/gnu_arm/7.2_2017q4/bin/../lib/gcc/arm-none-eabi/7.2.1/../../../../arm-none-eabi/lib/thumb/v7e-m/fpv4-sp/softfp/crt0.o
                0x0000014c                _start
                0x0000014c                _mainCRTStartup
 .text          0x000001c0       0x30 ./CMSIS/EFM32PG12B/startup_gcc_efm32pg12b.o
                0x000001c0                Reset_Handler
                0x000001ec                USART0_TX_IRQHandler
                0x000001ec                I2C0_IRQHandler
                0x000001ec                HardFault_Handler
                0x000001ec                SysTick_Handler
                0x000001ec                USART1_RX_IRQHandler
                0x000001ec                PendSV_Handler
                0x000001ec                NMI_Handler
                0x000001ec                I2C1_IRQHandler
                0x000001ec                WTIMER0_IRQHandler
                0x000001ec                CRYPTO0_IRQHandler
                0x000001ec                WDOG0_IRQHandler
                0x000001ec                USART1_TX_IRQHandler
                0x000001ec                SMU_IRQHandler
                0x000001ec                MSC_IRQHandler
                0x000001ec                ADC0_IRQHandler
                0x000001ec                UsageFault_Handler
                0x000001ec                WDOG1_IRQHandler
                0x000001ec                LEUART0_IRQHandler
                0x000001ec                FPUEH_IRQHandler
                0x000001ec                WTIMER1_IRQHandler
                0x000001ec                GPIO_EVEN_IRQHandler
                0x000001ec                VDAC0_IRQHandler
                0x000001ec                LDMA_IRQHandler
                0x000001ec                CSEN_IRQHandler
                0x000001ec                CRYPTO1_IRQHandler
                0x000001ec                TIMER0_IRQHandler
                0x000001ec                DebugMon_Handler
                0x000001ec                PCNT2_IRQHandler
                0x000001ec                TIMER1_IRQHandler
                0x000001ec                TRNG0_IRQHandler
                0x000001ec                USART2_RX_IRQHandler
                0x000001ec                Default_Handler
                0x000001ec                EMU_IRQHandler
                0x000001ec                CRYOTIMER_IRQHandler
                0x000001ec                PCNT0_IRQHandler
                0x000001ec                PCNT1_IRQHandler
                0x000001ec                ACMP0_IRQHandler
                0x000001ec                USART0_RX_IRQHandler
                0x000001ec                MemManage_Handler
                0x000001ec                SVC_Handler
                0x000001ec                USART3_RX_IRQHandler
                0x000001ec                RTCC_IRQHandler
                0x000001ec                CMU_IRQHandler
                0x000001ec                LESENSE_IRQHandler
                0x000001ec                GPIO_ODD_IRQHandler
                0x000001ec                USART3_TX_IRQHandler
                0x000001ec                BusFault_Handler
                0x000001ec                USART2_TX_IRQHandler
                0x000001ec                IDAC0_IRQHandler
 .text.SystemCoreClockGet
                0x000001f0       0x40 ./CMSIS/EFM32PG12B/system_efm32pg12b.o
                0x000001f0                SystemCoreClockGet
 .text.SystemMaxCoreClockGet
                0x00000230       0x14 ./CMSIS/EFM32PG12B/system_efm32pg12b.o
                0x00000230                SystemMaxCoreClockGet
 .text.SystemHFClockGet
                0x00000244       0x70 ./CMSIS/EFM32PG12B/system_efm32pg12b.o
                0x00000244                SystemHFClockGet
 .text.SystemHFXOClockGet
                0x000002b4       0x18 ./CMSIS/EFM32PG12B/system_efm32pg12b.o
                0x000002b4                SystemHFXOClockGet
 .text.SystemInit
                0x000002cc       0x2c ./CMSIS/EFM32PG12B/system_efm32pg12b.o
                0x000002cc                SystemInit
 .text.SystemLFRCOClockGet
                0x000002f8       0x12 ./CMSIS/EFM32PG12B/system_efm32pg12b.o
                0x000002f8                SystemLFRCOClockGet
 .text.SystemULFRCOClockGet
                0x0000030a       0x12 ./CMSIS/EFM32PG12B/system_efm32pg12b.o
                0x0000030a                SystemULFRCOClockGet
 .text.SystemLFXOClockGet
                0x0000031c       0x18 ./CMSIS/EFM32PG12B/system_efm32pg12b.o
                0x0000031c                SystemLFXOClockGet
 .text.assertEFM
                0x00000334        0xc ./emlib/em_assert.o
                0x00000334                assertEFM
 .text.BUS_RegBitWrite
                0x00000340       0x2e ./emlib/em_cmu.o
 .text.BUS_RegBitRead
                0x0000036e       0x2a ./emlib/em_cmu.o
 .text.SL_Log2ToDiv
                0x00000398       0x2c ./emlib/em_cmu.o
 .text.CMU_Log2ToDiv
                0x000003c4       0x18 ./emlib/em_cmu.o
 .text.EMU_VScaleWait
                0x000003dc       0x1c ./emlib/em_cmu.o
 .text.EMU_VScaleGet
                0x000003f8       0x1c ./emlib/em_cmu.o
 .text.setHfLeConfig
                0x00000414       0x64 ./emlib/em_cmu.o
 .text.auxClkGet
                0x00000478       0x20 ./emlib/em_cmu.o
 .text.hfSrcClkGet
                0x00000498       0x2c ./emlib/em_cmu.o
 .text.dbgClkGet
                0x000004c4       0x4c ./emlib/em_cmu.o
 .text.adcAsyncClkGet
                0x00000510       0x98 ./emlib/em_cmu.o
 .text.flashWaitStateControl
                0x000005a8       0x98 ./emlib/em_cmu.o
 .text.flashWaitStateMax
                0x00000640       0x44 ./emlib/em_cmu.o
 .text.CMU_UpdateWaitStates
                0x00000684       0x40 ./emlib/em_cmu.o
                0x00000684                CMU_UpdateWaitStates
 .text.getRegIshUpperVal
                0x000006c4       0x36 ./emlib/em_cmu.o
 *fill*         0x000006fa        0x2 
 .text.getHfxoTuningMode
                0x000006fc       0x1c ./emlib/em_cmu.o
 .text.setHfxoTuningMode
                0x00000718       0x2c ./emlib/em_cmu.o
 .text.lfClkGet
                0x00000744      0x114 ./emlib/em_cmu.o
 .text.syncReg  0x00000858       0x38 ./emlib/em_cmu.o
 .text.hfperClkSafePrescaler
                0x00000890        0xe ./emlib/em_cmu.o
 .text.hfperClkOptimizedPrescaler
                0x0000089e        0xe ./emlib/em_cmu.o
 .text.CMU_ClockEnable
                0x000008ac       0xd8 ./emlib/em_cmu.o
                0x000008ac                CMU_ClockEnable
 .text.CMU_ClockFreqGet
                0x00000984      0x218 ./emlib/em_cmu.o
                0x00000984                CMU_ClockFreqGet
 .text.CMU_ClockSelectGet
                0x00000b9c      0x1c8 ./emlib/em_cmu.o
                0x00000b9c                CMU_ClockSelectGet
 .text.CMU_ClockSelectSet
                0x00000d64      0x350 ./emlib/em_cmu.o
                0x00000d64                CMU_ClockSelectSet
 .text.CMU_HFRCODevinfoGet
                0x000010b4       0xdc ./emlib/em_cmu.o
 .text.CMU_HFRCOBandGet
                0x00001190       0x18 ./emlib/em_cmu.o
                0x00001190                CMU_HFRCOBandGet
 .text.CMU_HFRCOBandSet
                0x000011a8      0x180 ./emlib/em_cmu.o
                0x000011a8                CMU_HFRCOBandSet
 .text.CMU_HFXOInit
                0x00001328      0x104 ./emlib/em_cmu.o
                0x00001328                CMU_HFXOInit
 .text.CMU_OscillatorEnable
                0x0000142c      0x1bc ./emlib/em_cmu.o
                0x0000142c                CMU_OscillatorEnable
 .text.CMU_OscillatorTuningGet
                0x000015e8       0x7c ./emlib/em_cmu.o
                0x000015e8                CMU_OscillatorTuningGet
 .text.CMU_OscillatorTuningSet
                0x00001664      0x154 ./emlib/em_cmu.o
                0x00001664                CMU_OscillatorTuningSet
 .text.CMU_OscillatorTuningWait
                0x000017b8       0xb4 ./emlib/em_cmu.o
                0x000017b8                CMU_OscillatorTuningWait
 .text.CMU_OscillatorTuningOptimize
                0x0000186c       0x64 ./emlib/em_cmu.o
                0x0000186c                CMU_OscillatorTuningOptimize
 .text.SystemCoreClockUpdate
                0x000018d0        0xc ./emlib/em_emu.o
 .text.BUS_RegBitWrite
                0x000018dc       0x2e ./emlib/em_emu.o
 .text.BUS_RegBitRead
                0x0000190a       0x2a ./emlib/em_emu.o
 .text.EMU_VScaleWait
                0x00001934       0x1c ./emlib/em_emu.o
 .text.EMU_VScaleGet
                0x00001950       0x1c ./emlib/em_emu.o
 .text.EMU_IntClear
                0x0000196c       0x20 ./emlib/em_emu.o
 .text.EMU_IntGet
                0x0000198c       0x18 ./emlib/em_emu.o
 .text.CMU_Lock
                0x000019a4       0x1c ./emlib/em_emu.o
 .text.CMU_Unlock
                0x000019c0       0x1c ./emlib/em_emu.o
 .text.vScaleEM01Cmd
                0x000019dc       0x22 ./emlib/em_emu.o
 *fill*         0x000019fe        0x2 
 .text.emState  0x00001a00      0x150 ./emlib/em_emu.o
 .text.vScaleDownEM23Setup
                0x00001b50       0x50 ./emlib/em_emu.o
 .text.vScaleAfterWakeup
                0x00001ba0       0x48 ./emlib/em_emu.o
 .text.EMU_EnterEM2
                0x00001be8       0x4c ./emlib/em_emu.o
                0x00001be8                EMU_EnterEM2
 .text.EMU_EnterEM3
                0x00001c34       0x68 ./emlib/em_emu.o
                0x00001c34                EMU_EnterEM3
 .text.EMU_VScaleEM01ByClock
                0x00001c9c       0x70 ./emlib/em_emu.o
                0x00001c9c                EMU_VScaleEM01ByClock
 .text.EMU_VScaleEM01
                0x00001d0c       0xa0 ./emlib/em_emu.o
                0x00001d0c                EMU_VScaleEM01
 .text.EMU_EM23Init
                0x00001dac       0x50 ./emlib/em_emu.o
                0x00001dac                EMU_EM23Init
 .text.dcdcConstCalibrationLoad
                0x00001dfc       0x10 ./emlib/em_emu.o
 .text.dcdcValidatedConfigSet
                0x00001e0c       0x40 ./emlib/em_emu.o
 .text.currentLimitersUpdate
                0x00001e4c      0x124 ./emlib/em_emu.o
 .text.userCurrentLimitsSet
                0x00001f70       0x30 ./emlib/em_emu.o
 .text.compCtrlSet
                0x00001fa0       0x4c ./emlib/em_emu.o
 .text.lpCmpHystCalibrationLoad
                0x00001fec       0xec ./emlib/em_emu.o
 .text.lpGetDevinfoVrefLowHigh
                0x000020d8      0x164 ./emlib/em_emu.o
 .text.EMU_DCDCModeSet
                0x0000223c       0xf0 ./emlib/em_emu.o
                0x0000223c                EMU_DCDCModeSet
 .text.EMU_DCDCInit
                0x0000232c      0x1c8 ./emlib/em_emu.o
                0x0000232c                EMU_DCDCInit
 .text.EMU_DCDCOutputVoltageSet
                0x000024f4      0x2d8 ./emlib/em_emu.o
                0x000024f4                EMU_DCDCOutputVoltageSet
 .text.EMU_DCDCOptimizeSlice
                0x000027cc       0xe8 ./emlib/em_emu.o
                0x000027cc                EMU_DCDCOptimizeSlice
 .text.EMU_DCDCLnRcoBandSet
                0x000028b4       0x64 ./emlib/em_emu.o
                0x000028b4                EMU_DCDCLnRcoBandSet
 .text.BUS_RegMaskedSet
                0x00002918       0x24 ./emlib/em_gpio.o
 .text.BUS_RegMaskedClear
                0x0000293c       0x24 ./emlib/em_gpio.o
 .text.BUS_RegMaskedWrite
                0x00002960       0x24 ./emlib/em_gpio.o
 .text.GPIO_PinOutClear
                0x00002984       0xd0 ./emlib/em_gpio.o
 .text.GPIO_PinOutSet
                0x00002a54       0xd0 ./emlib/em_gpio.o
 .text.GPIO_DriveStrengthSet
                0x00002b24       0x8c ./emlib/em_gpio.o
                0x00002b24                GPIO_DriveStrengthSet
 .text.GPIO_PinModeSet
                0x00002bb0      0x18c ./emlib/em_gpio.o
                0x00002bb0                GPIO_PinModeSet
 .text.LETIMER_IntClear
                0x00002d3c       0x1c ./emlib/em_letimer.o
 .text.LETIMER_Enable
                0x00002d58       0x40 ./emlib/em_letimer.o
                0x00002d58                LETIMER_Enable
 .text.LETIMER_Init
                0x00002d98       0xf8 ./emlib/em_letimer.o
                0x00002d98                LETIMER_Init
 .text.LETIMER_Reset
                0x00002e90       0x54 ./emlib/em_letimer.o
                0x00002e90                LETIMER_Reset
 .text.app_peripheral_setup
                0x00002ee4       0x28 ./src/Source_files/app.o
                0x00002ee4                app_peripheral_setup
 .text.app_letimer_pwm_open
                0x00002f0c       0x60 ./src/Source_files/app.o
                0x00002f0c                app_letimer_pwm_open
 .text.scheduled_letimer0_uf_evt
                0x00002f6c       0x54 ./src/Source_files/app.o
                0x00002f6c                scheduled_letimer0_uf_evt
 .text.scheduled_letimer0_comp0_evt
                0x00002fc0       0x1c ./src/Source_files/app.o
                0x00002fc0                scheduled_letimer0_comp0_evt
 .text.scheduled_letimer0_comp1_evt
                0x00002fdc       0x1c ./src/Source_files/app.o
                0x00002fdc                scheduled_letimer0_comp1_evt
 .text.cmu_open
                0x00002ff8       0x40 ./src/Source_files/cmu.o
                0x00002ff8                cmu_open
 .text.gpio_open
                0x00003038       0x3c ./src/Source_files/gpio.o
                0x00003038                gpio_open
 .text.__NVIC_EnableIRQ
                0x00003074       0x3c ./src/Source_files/letimer.o
 .text.letimer_pwm_open
                0x000030b0      0x178 ./src/Source_files/letimer.o
                0x000030b0                letimer_pwm_open
 .text.letimer_start
                0x00003228       0x68 ./src/Source_files/letimer.o
                0x00003228                letimer_start
 .text.LETIMER0_IRQHandler
                0x00003290       0xb0 ./src/Source_files/letimer.o
                0x00003290                LETIMER0_IRQHandler
 .text.scheduler_open
                0x00003340       0x18 ./src/Source_files/scheduler.o
                0x00003340                scheduler_open
 .text.add_scheduled_event
                0x00003358       0x28 ./src/Source_files/scheduler.o
                0x00003358                add_scheduled_event
 .text.remove_scheduled_event
                0x00003380       0x2c ./src/Source_files/scheduler.o
                0x00003380                remove_scheduled_event
 .text.get_scheduled_events
                0x000033ac       0x18 ./src/Source_files/scheduler.o
                0x000033ac                get_scheduled_events
 .text.EMU_EnterEM1
                0x000033c4       0x20 ./src/Source_files/sleep_routines.o
 .text.sleep_open
                0x000033e4       0x34 ./src/Source_files/sleep_routines.o
                0x000033e4                sleep_open
 .text.sleep_block_mode
                0x00003418       0x40 ./src/Source_files/sleep_routines.o
                0x00003418                sleep_block_mode
 .text.sleep_unblock_mode
                0x00003458       0x40 ./src/Source_files/sleep_routines.o
                0x00003458                sleep_unblock_mode
 .text.enter_sleep
                0x00003498       0x44 ./src/Source_files/sleep_routines.o
                0x00003498                enter_sleep
 .text.current_block_energy_mode
                0x000034dc       0x3c ./src/Source_files/sleep_routines.o
                0x000034dc                current_block_energy_mode
 .text.SYSTEM_GetProdRev
                0x00003518       0x1c ./src/main.o
 .text.CHIP_Init
                0x00003534       0x74 ./src/main.o
 .text.main     0x000035a8       0xd4 ./src/main.o
                0x000035a8                main
 .text.exit     0x0000367c       0x28 c:/siliconlabs/simplicitystudio/v4/developer/toolchains/gnu_arm/7.2_2017q4/bin/../lib/gcc/arm-none-eabi/7.2.1/../../../../arm-none-eabi/lib/thumb/v7e-m/fpv4-sp/softfp\libc_nano.a(lib_a-exit.o)
                0x0000367c                exit
 .text.__libc_init_array
                0x000036a4       0x48 c:/siliconlabs/simplicitystudio/v4/developer/toolchains/gnu_arm/7.2_2017q4/bin/../lib/gcc/arm-none-eabi/7.2.1/../../../../arm-none-eabi/lib/thumb/v7e-m/fpv4-sp/softfp\libc_nano.a(lib_a-init.o)
                0x000036a4                __libc_init_array
 .text.memset   0x000036ec       0x10 c:/siliconlabs/simplicitystudio/v4/developer/toolchains/gnu_arm/7.2_2017q4/bin/../lib/gcc/arm-none-eabi/7.2.1/../../../../arm-none-eabi/lib/thumb/v7e-m/fpv4-sp/softfp\libc_nano.a(lib_a-memset.o)
                0x000036ec                memset
 .text._exit    0x000036fc        0x4 c:/siliconlabs/simplicitystudio/v4/developer/toolchains/gnu_arm/7.2_2017q4/bin/../lib/gcc/arm-none-eabi/7.2.1/../../../../arm-none-eabi/lib/thumb/v7e-m/fpv4-sp/softfp\libnosys.a(_exit.o)
                0x000036fc                _exit
 *(.init)
 .init          0x00003700        0x4 c:/siliconlabs/simplicitystudio/v4/developer/toolchains/gnu_arm/7.2_2017q4/bin/../lib/gcc/arm-none-eabi/7.2.1/thumb/v7e-m/fpv4-sp/softfp/crti.o
                0x00003700                _init
 .init          0x00003704        0x8 c:/siliconlabs/simplicitystudio/v4/developer/toolchains/gnu_arm/7.2_2017q4/bin/../lib/gcc/arm-none-eabi/7.2.1/thumb/v7e-m/fpv4-sp/softfp/crtn.o
 *(.fini)
 .fini          0x0000370c        0x4 c:/siliconlabs/simplicitystudio/v4/developer/toolchains/gnu_arm/7.2_2017q4/bin/../lib/gcc/arm-none-eabi/7.2.1/thumb/v7e-m/fpv4-sp/softfp/crti.o
                0x0000370c                _fini
 .fini          0x00003710        0x8 c:/siliconlabs/simplicitystudio/v4/developer/toolchains/gnu_arm/7.2_2017q4/bin/../lib/gcc/arm-none-eabi/7.2.1/thumb/v7e-m/fpv4-sp/softfp/crtn.o
 *crtbegin.o(.ctors)
 *crtbegin?.o(.ctors)
 *(EXCLUDE_FILE(*crtend.o *crtend?.o) .ctors)
 *(SORT_BY_NAME(.ctors.*))
 *(.ctors)
 *crtbegin.o(.dtors)
 *crtbegin?.o(.dtors)
 *(EXCLUDE_FILE(*crtend.o *crtend?.o) .dtors)
 *(SORT_BY_NAME(.dtors.*))
 *(.dtors)
 *(.rodata*)
 .rodata        0x00003718       0xde ./emlib/em_cmu.o
 *fill*         0x000037f6        0x2 
 .rodata.flashWsTable
                0x000037f8       0x28 ./emlib/em_cmu.o
 .rodata        0x00003820       0x12 ./emlib/em_emu.o
 *fill*         0x00003832        0x2 
 .rodata        0x00003834       0x77 ./emlib/em_gpio.o
 *fill*         0x000038ab        0x1 
 .rodata        0x000038ac       0x16 ./emlib/em_letimer.o
 *fill*         0x000038c2        0x2 
 .rodata        0x000038c4       0x1a ./src/Source_files/app.o
 *fill*         0x000038de        0x2 
 .rodata        0x000038e0       0x1e ./src/Source_files/letimer.o
 *fill*         0x000038fe        0x2 
 .rodata        0x00003900       0x25 ./src/Source_files/sleep_routines.o
 *fill*         0x00003925        0x3 
 .rodata        0x00003928       0x22 ./src/main.o
 *fill*         0x0000394a        0x2 
 .rodata._global_impure_ptr
                0x0000394c        0x4 c:/siliconlabs/simplicitystudio/v4/developer/toolchains/gnu_arm/7.2_2017q4/bin/../lib/gcc/arm-none-eabi/7.2.1/../../../../arm-none-eabi/lib/thumb/v7e-m/fpv4-sp/softfp\libc_nano.a(lib_a-impure.o)
                0x0000394c                _global_impure_ptr
 *(.eh_frame*)
 .eh_frame      0x00003950        0x0 c:/siliconlabs/simplicitystudio/v4/developer/toolchains/gnu_arm/7.2_2017q4/bin/../lib/gcc/arm-none-eabi/7.2.1/thumb/v7e-m/fpv4-sp/softfp/crtbegin.o
 .eh_frame      0x00003950        0x4 c:/siliconlabs/simplicitystudio/v4/developer/toolchains/gnu_arm/7.2_2017q4/bin/../lib/gcc/arm-none-eabi/7.2.1/thumb/v7e-m/fpv4-sp/softfp/crtend.o

.glue_7         0x00003954        0x0
 .glue_7        0x00003954        0x0 linker stubs

.glue_7t        0x00003954        0x0
 .glue_7t       0x00003954        0x0 linker stubs

.vfp11_veneer   0x00003954        0x0
 .vfp11_veneer  0x00003954        0x0 linker stubs

.v4_bx          0x00003954        0x0
 .v4_bx         0x00003954        0x0 linker stubs

.iplt           0x00003954        0x0
 .iplt          0x00003954        0x0 c:/siliconlabs/simplicitystudio/v4/developer/toolchains/gnu_arm/7.2_2017q4/bin/../lib/gcc/arm-none-eabi/7.2.1/thumb/v7e-m/fpv4-sp/softfp/crtbegin.o

.ARM.extab
 *(.ARM.extab* .gnu.linkonce.armextab.*)
                0x00003954                __exidx_start = .

.ARM.exidx      0x00003954        0x8
 *(.ARM.exidx* .gnu.linkonce.armexidx.*)
 .ARM.exidx     0x00003954        0x8 c:/siliconlabs/simplicitystudio/v4/developer/toolchains/gnu_arm/7.2_2017q4/bin/../lib/gcc/arm-none-eabi/7.2.1/../../../../arm-none-eabi/lib/thumb/v7e-m/fpv4-sp/softfp/crt0.o
                0x0000395c                __exidx_end = .
                0x0000395c                __etext = .

.rel.dyn        0x0000395c        0x0
 .rel.iplt      0x0000395c        0x0 c:/siliconlabs/simplicitystudio/v4/developer/toolchains/gnu_arm/7.2_2017q4/bin/../lib/gcc/arm-none-eabi/7.2.1/thumb/v7e-m/fpv4-sp/softfp/crtbegin.o

.data           0x20000000       0x7c load address 0x0000395c
                0x20000000                __data_start__ = .
 *(vtable)
 *(.data*)
 .data.SystemHFXOClock
                0x20000000        0x4 ./CMSIS/EFM32PG12B/system_efm32pg12b.o
 .data.SystemLFXOClock
                0x20000004        0x4 ./CMSIS/EFM32PG12B/system_efm32pg12b.o
 .data.SystemCoreClock
                0x20000008        0x4 ./CMSIS/EFM32PG12B/system_efm32pg12b.o
                0x20000008                SystemCoreClock
 .data.SystemHfrcoFreq
                0x2000000c        0x4 ./CMSIS/EFM32PG12B/system_efm32pg12b.o
                0x2000000c                SystemHfrcoFreq
 .data.auxHfrcoFreq
                0x20000010        0x4 ./emlib/em_cmu.o
 .data.impure_data
                0x20000014       0x60 c:/siliconlabs/simplicitystudio/v4/developer/toolchains/gnu_arm/7.2_2017q4/bin/../lib/gcc/arm-none-eabi/7.2.1/../../../../arm-none-eabi/lib/thumb/v7e-m/fpv4-sp/softfp\libc_nano.a(lib_a-impure.o)
                0x20000074                . = ALIGN (0x4)
                [!provide]                PROVIDE (__ram_func_section_start, .)
 *(.ram)
                [!provide]                PROVIDE (__ram_func_section_end, .)
                0x20000074                . = ALIGN (0x4)
                0x20000074                PROVIDE (__preinit_array_start, .)
 *(.preinit_array)
                0x20000074                PROVIDE (__preinit_array_end, .)
                0x20000074                . = ALIGN (0x4)
                0x20000074                PROVIDE (__init_array_start, .)
 *(SORT_BY_NAME(.init_array.*))
 *(.init_array)
 .init_array    0x20000074        0x4 c:/siliconlabs/simplicitystudio/v4/developer/toolchains/gnu_arm/7.2_2017q4/bin/../lib/gcc/arm-none-eabi/7.2.1/thumb/v7e-m/fpv4-sp/softfp/crtbegin.o
                0x20000078                PROVIDE (__init_array_end, .)
                0x20000078                . = ALIGN (0x4)
                [!provide]                PROVIDE (__fini_array_start, .)
 *(SORT_BY_NAME(.fini_array.*))
 *(.fini_array)
 .fini_array    0x20000078        0x4 c:/siliconlabs/simplicitystudio/v4/developer/toolchains/gnu_arm/7.2_2017q4/bin/../lib/gcc/arm-none-eabi/7.2.1/thumb/v7e-m/fpv4-sp/softfp/crtbegin.o
                [!provide]                PROVIDE (__fini_array_end, .)
 *(.jcr*)
                0x2000007c                . = ALIGN (0x4)
                0x2000007c                __data_end__ = .

.igot.plt       0x2000007c        0x0 load address 0x000039d8
 .igot.plt      0x2000007c        0x0 c:/siliconlabs/simplicitystudio/v4/developer/toolchains/gnu_arm/7.2_2017q4/bin/../lib/gcc/arm-none-eabi/7.2.1/thumb/v7e-m/fpv4-sp/softfp/crtbegin.o

.bss            0x2000007c       0x58 load address 0x000039d8
                0x2000007c                . = ALIGN (0x4)
                0x2000007c                __bss_start__ = .
 *(.bss*)
 .bss           0x2000007c       0x1c c:/siliconlabs/simplicitystudio/v4/developer/toolchains/gnu_arm/7.2_2017q4/bin/../lib/gcc/arm-none-eabi/7.2.1/thumb/v7e-m/fpv4-sp/softfp/crtbegin.o
 .bss.dcdcMaxCurrent_mA
                0x20000098        0x2 ./emlib/em_emu.o
 .bss.dcdcEm01LoadCurrent_mA
                0x2000009a        0x2 ./emlib/em_emu.o
 .bss.dcdcReverseCurrentControl
                0x2000009c        0x2 ./emlib/em_emu.o
 *fill*         0x2000009e        0x2 
 .bss.vScaleEM01Config
                0x200000a0        0x1 ./emlib/em_emu.o
 *fill*         0x200000a1        0x3 
 .bss.cmuStatus.8082
                0x200000a4        0x4 ./emlib/em_emu.o
 .bss.hfClock.8083
                0x200000a8        0x1 ./emlib/em_emu.o
 .bss.vScaleStatus.8084
                0x200000a9        0x1 ./emlib/em_emu.o
 *fill*         0x200000aa        0x2 
 .bss.hfrcoCtrl.8085
                0x200000ac        0x4 ./emlib/em_emu.o
 .bss.scheduled_comp0_evt
                0x200000b0        0x4 ./src/Source_files/letimer.o
 .bss.scheduled_comp1_evt
                0x200000b4        0x4 ./src/Source_files/letimer.o
 .bss.scheduled_uf_evt
                0x200000b8        0x4 ./src/Source_files/letimer.o
 .bss.event_scheduled
                0x200000bc        0x4 ./src/Source_files/scheduler.o
 .bss.lowest_energy_mode
                0x200000c0       0x14 ./src/Source_files/sleep_routines.o
 *(COMMON)
                0x200000d4                . = ALIGN (0x4)
                0x200000d4                __bss_end__ = .

.heap           0x200000d8      0xc00
                0x200000d8                __HeapBase = .
                0x200000d8                __end__ = .
                0x200000d8                end = __end__
                0x200000d8                _end = __end__
 *(.heap*)
 .heap          0x200000d8      0xc00 ./CMSIS/EFM32PG12B/startup_gcc_efm32pg12b.o
                0x20000cd8                __HeapLimit = .

.stack_dummy    0x200000d8      0x400
 *(.stack*)
 .stack         0x200000d8      0x400 ./CMSIS/EFM32PG12B/startup_gcc_efm32pg12b.o
                0x20040000                __StackTop = (ORIGIN (RAM) + LENGTH (RAM))
                0x2003fc00                __StackLimit = (__StackTop - SIZEOF (.stack_dummy))
                0x20040000                PROVIDE (__stack, __StackTop)
                0x00000001                ASSERT ((__StackLimit >= __HeapLimit), region RAM overflowed with stack)
                0x00000001                ASSERT ((LENGTH (FLASH) >= (__etext + SIZEOF (.data))), FLASH memory overflowed !)
OUTPUT(WA_Energy_Mode_SP2020.axf elf32-littlearm)

.ARM.attributes
                0x00000000       0x2e
 .ARM.attributes
                0x00000000       0x22 c:/siliconlabs/simplicitystudio/v4/developer/toolchains/gnu_arm/7.2_2017q4/bin/../lib/gcc/arm-none-eabi/7.2.1/thumb/v7e-m/fpv4-sp/softfp/crti.o
 .ARM.attributes
                0x00000022       0x32 c:/siliconlabs/simplicitystudio/v4/developer/toolchains/gnu_arm/7.2_2017q4/bin/../lib/gcc/arm-none-eabi/7.2.1/thumb/v7e-m/fpv4-sp/softfp/crtbegin.o
 .ARM.attributes
                0x00000054       0x20 c:/siliconlabs/simplicitystudio/v4/developer/toolchains/gnu_arm/7.2_2017q4/bin/../lib/gcc/arm-none-eabi/7.2.1/../../../../arm-none-eabi/lib/thumb/v7e-m/fpv4-sp/softfp/crt0.o
 .ARM.attributes
                0x00000074       0x1f ./CMSIS/EFM32PG12B/startup_gcc_efm32pg12b.o
 .ARM.attributes
                0x00000093       0x37 ./CMSIS/EFM32PG12B/system_efm32pg12b.o
 .ARM.attributes
                0x000000ca       0x37 ./emlib/em_assert.o
 .ARM.attributes
                0x00000101       0x37 ./emlib/em_cmu.o
 .ARM.attributes
                0x00000138       0x37 ./emlib/em_emu.o
 .ARM.attributes
                0x0000016f       0x37 ./emlib/em_gpio.o
 .ARM.attributes
                0x000001a6       0x37 ./emlib/em_letimer.o
 .ARM.attributes
                0x000001dd       0x37 ./src/Source_files/app.o
 .ARM.attributes
                0x00000214       0x37 ./src/Source_files/cmu.o
 .ARM.attributes
                0x0000024b       0x37 ./src/Source_files/gpio.o
 .ARM.attributes
                0x00000282       0x37 ./src/Source_files/letimer.o
 .ARM.attributes
                0x000002b9       0x37 ./src/Source_files/scheduler.o
 .ARM.attributes
                0x000002f0       0x37 ./src/Source_files/sleep_routines.o
 .ARM.attributes
                0x00000327       0x37 ./src/main.o
 .ARM.attributes
                0x0000035e       0x32 c:/siliconlabs/simplicitystudio/v4/developer/toolchains/gnu_arm/7.2_2017q4/bin/../lib/gcc/arm-none-eabi/7.2.1/../../../../arm-none-eabi/lib/thumb/v7e-m/fpv4-sp/softfp\libc_nano.a(lib_a-exit.o)
 .ARM.attributes
                0x00000390       0x32 c:/siliconlabs/simplicitystudio/v4/developer/toolchains/gnu_arm/7.2_2017q4/bin/../lib/gcc/arm-none-eabi/7.2.1/../../../../arm-none-eabi/lib/thumb/v7e-m/fpv4-sp/softfp\libc_nano.a(lib_a-impure.o)
 .ARM.attributes
                0x000003c2       0x32 c:/siliconlabs/simplicitystudio/v4/developer/toolchains/gnu_arm/7.2_2017q4/bin/../lib/gcc/arm-none-eabi/7.2.1/../../../../arm-none-eabi/lib/thumb/v7e-m/fpv4-sp/softfp\libc_nano.a(lib_a-init.o)
 .ARM.attributes
                0x000003f4       0x32 c:/siliconlabs/simplicitystudio/v4/developer/toolchains/gnu_arm/7.2_2017q4/bin/../lib/gcc/arm-none-eabi/7.2.1/../../../../arm-none-eabi/lib/thumb/v7e-m/fpv4-sp/softfp\libc_nano.a(lib_a-memset.o)
 .ARM.attributes
                0x00000426       0x32 c:/siliconlabs/simplicitystudio/v4/developer/toolchains/gnu_arm/7.2_2017q4/bin/../lib/gcc/arm-none-eabi/7.2.1/../../../../arm-none-eabi/lib/thumb/v7e-m/fpv4-sp/softfp\libnosys.a(_exit.o)
 .ARM.attributes
                0x00000458       0x32 c:/siliconlabs/simplicitystudio/v4/developer/toolchains/gnu_arm/7.2_2017q4/bin/../lib/gcc/arm-none-eabi/7.2.1/thumb/v7e-m/fpv4-sp/softfp/crtend.o
 .ARM.attributes
                0x0000048a       0x22 c:/siliconlabs/simplicitystudio/v4/developer/toolchains/gnu_arm/7.2_2017q4/bin/../lib/gcc/arm-none-eabi/7.2.1/thumb/v7e-m/fpv4-sp/softfp/crtn.o

.comment        0x00000000       0x7e
 .comment       0x00000000       0x7e ./CMSIS/EFM32PG12B/system_efm32pg12b.o
                                 0x7f (size before relaxing)
 .comment       0x0000007e       0x7f ./emlib/em_assert.o
 .comment       0x0000007e       0x7f ./emlib/em_cmu.o
 .comment       0x0000007e       0x7f ./emlib/em_emu.o
 .comment       0x0000007e       0x7f ./emlib/em_gpio.o
 .comment       0x0000007e       0x7f ./emlib/em_letimer.o
 .comment       0x0000007e       0x7f ./src/Source_files/app.o
 .comment       0x0000007e       0x7f ./src/Source_files/cmu.o
 .comment       0x0000007e       0x7f ./src/Source_files/gpio.o
 .comment       0x0000007e       0x7f ./src/Source_files/letimer.o
 .comment       0x0000007e       0x7f ./src/Source_files/scheduler.o
 .comment       0x0000007e       0x7f ./src/Source_files/sleep_routines.o
 .comment       0x0000007e       0x7f ./src/main.o

.debug_line     0x00000000     0x8bfe
 .debug_line    0x00000000       0x78 ./CMSIS/EFM32PG12B/startup_gcc_efm32pg12b.o
 .debug_line    0x00000078      0x8a1 ./CMSIS/EFM32PG12B/system_efm32pg12b.o
 .debug_line    0x00000919      0x12f ./emlib/em_assert.o
 .debug_line    0x00000a48     0x1429 ./emlib/em_cmu.o
 .debug_line    0x00001e71     0x136c ./emlib/em_emu.o
 .debug_line    0x000031dd      0xc7a ./emlib/em_gpio.o
 .debug_line    0x00003e57      0xa03 ./emlib/em_letimer.o
 .debug_line    0x0000485a      0x9c8 ./src/Source_files/app.o
 .debug_line    0x00005222      0x8d3 ./src/Source_files/cmu.o
 .debug_line    0x00005af5      0x8d5 ./src/Source_files/gpio.o
 .debug_line    0x000063ca      0x9ff ./src/Source_files/letimer.o
 .debug_line    0x00006dc9      0x91f ./src/Source_files/scheduler.o
 .debug_line    0x000076e8      0x994 ./src/Source_files/sleep_routines.o
 .debug_line    0x0000807c      0xb82 ./src/main.o

.debug_info     0x00000000     0x98a4
 .debug_info    0x00000000       0x26 ./CMSIS/EFM32PG12B/startup_gcc_efm32pg12b.o
 .debug_info    0x00000026      0x8f6 ./CMSIS/EFM32PG12B/system_efm32pg12b.o
 .debug_info    0x0000091c       0x7e ./emlib/em_assert.o
 .debug_info    0x0000099a     0x2437 ./emlib/em_cmu.o
 .debug_info    0x00002dd1     0x2409 ./emlib/em_emu.o
 .debug_info    0x000051da      0xa7a ./emlib/em_gpio.o
 .debug_info    0x00005c54      0x5cd ./emlib/em_letimer.o
 .debug_info    0x00006221      0x3cd ./src/Source_files/app.o
 .debug_info    0x000065ee      0x32a ./src/Source_files/cmu.o
 .debug_info    0x00006918      0x36f ./src/Source_files/gpio.o
 .debug_info    0x00006c87      0x98e ./src/Source_files/letimer.o
 .debug_info    0x00007615      0x1b5 ./src/Source_files/scheduler.o
 .debug_info    0x000077ca      0x3ce ./src/Source_files/sleep_routines.o
 .debug_info    0x00007b98     0x1d0c ./src/main.o

.debug_abbrev   0x00000000     0x14ca
 .debug_abbrev  0x00000000       0x14 ./CMSIS/EFM32PG12B/startup_gcc_efm32pg12b.o
 .debug_abbrev  0x00000014      0x1b7 ./CMSIS/EFM32PG12B/system_efm32pg12b.o
 .debug_abbrev  0x000001cb       0x68 ./emlib/em_assert.o
 .debug_abbrev  0x00000233      0x31e ./emlib/em_cmu.o
 .debug_abbrev  0x00000551      0x312 ./emlib/em_emu.o
 .debug_abbrev  0x00000863      0x206 ./emlib/em_gpio.o
 .debug_abbrev  0x00000a69      0x1d1 ./emlib/em_letimer.o
 .debug_abbrev  0x00000c3a      0x108 ./src/Source_files/app.o
 .debug_abbrev  0x00000d42       0xa0 ./src/Source_files/cmu.o
 .debug_abbrev  0x00000de2       0xa0 ./src/Source_files/gpio.o
 .debug_abbrev  0x00000e82      0x1c0 ./src/Source_files/letimer.o
 .debug_abbrev  0x00001042       0xed ./src/Source_files/scheduler.o
 .debug_abbrev  0x0000112f      0x16a ./src/Source_files/sleep_routines.o
 .debug_abbrev  0x00001299      0x231 ./src/main.o

.debug_aranges  0x00000000      0x668
 .debug_aranges
                0x00000000       0x20 ./CMSIS/EFM32PG12B/startup_gcc_efm32pg12b.o
 .debug_aranges
                0x00000020       0x68 ./CMSIS/EFM32PG12B/system_efm32pg12b.o
 .debug_aranges
                0x00000088       0x20 ./emlib/em_assert.o
 .debug_aranges
                0x000000a8      0x1c0 ./emlib/em_cmu.o
 .debug_aranges
                0x00000268      0x1a8 ./emlib/em_emu.o
 .debug_aranges
                0x00000410       0x88 ./emlib/em_gpio.o
 .debug_aranges
                0x00000498       0x68 ./emlib/em_letimer.o
 .debug_aranges
                0x00000500       0x40 ./src/Source_files/app.o
 .debug_aranges
                0x00000540       0x20 ./src/Source_files/cmu.o
 .debug_aranges
                0x00000560       0x20 ./src/Source_files/gpio.o
 .debug_aranges
                0x00000580       0x38 ./src/Source_files/letimer.o
 .debug_aranges
                0x000005b8       0x38 ./src/Source_files/scheduler.o
 .debug_aranges
                0x000005f0       0x48 ./src/Source_files/sleep_routines.o
 .debug_aranges
                0x00000638       0x30 ./src/main.o

.debug_str      0x00000000   0x158388
 .debug_str     0x00000000       0x84 ./CMSIS/EFM32PG12B/startup_gcc_efm32pg12b.o
 .debug_str     0x00000084   0x14e119 ./CMSIS/EFM32PG12B/system_efm32pg12b.o
                             0x14f038 (size before relaxing)
 .debug_str     0x0014e19d       0xb8 ./emlib/em_assert.o
                               0x2db8 (size before relaxing)
 .debug_str     0x0014e255     0x4dd9 ./emlib/em_cmu.o
                             0x153e39 (size before relaxing)
 .debug_str     0x0015302e     0x114d ./emlib/em_emu.o
                             0x154034 (size before relaxing)
 .debug_str     0x0015417b      0x4be ./emlib/em_gpio.o
                             0x14fa99 (size before relaxing)
 .debug_str     0x00154639      0x31c ./emlib/em_letimer.o
                             0x15066c (size before relaxing)
 .debug_str     0x00154955      0xa29 ./src/Source_files/app.o
                             0x151505 (size before relaxing)
 .debug_str     0x0015537e       0x23 ./src/Source_files/cmu.o
                             0x1506f9 (size before relaxing)
 .debug_str     0x001553a1       0x25 ./src/Source_files/gpio.o
                             0x150882 (size before relaxing)
 .debug_str     0x001553c6      0x34d ./src/Source_files/letimer.o
                             0x1516be (size before relaxing)
 .debug_str     0x00155713       0x7f ./src/Source_files/scheduler.o
                             0x14f057 (size before relaxing)
 .debug_str     0x00155792       0x9a ./src/Source_files/sleep_routines.o
                             0x14f979 (size before relaxing)
 .debug_str     0x0015582c     0x2b5c ./src/main.o
                             0x1563cd (size before relaxing)

.debug_loc      0x00000000     0x3094
 .debug_loc     0x00000000      0x2e4 ./CMSIS/EFM32PG12B/system_efm32pg12b.o
 .debug_loc     0x000002e4       0x38 ./emlib/em_assert.o
 .debug_loc     0x0000031c     0x1060 ./emlib/em_cmu.o
 .debug_loc     0x0000137c      0xea6 ./emlib/em_emu.o
 .debug_loc     0x00002222      0x49c ./emlib/em_gpio.o
 .debug_loc     0x000026be      0x338 ./emlib/em_letimer.o
 .debug_loc     0x000029f6      0x124 ./src/Source_files/app.o
 .debug_loc     0x00002b1a       0x2c ./src/Source_files/cmu.o
 .debug_loc     0x00002b46       0x2c ./src/Source_files/gpio.o
 .debug_loc     0x00002b72      0x14c ./src/Source_files/letimer.o
 .debug_loc     0x00002cbe      0x140 ./src/Source_files/scheduler.o
 .debug_loc     0x00002dfe      0x1c8 ./src/Source_files/sleep_routines.o
 .debug_loc     0x00002fc6       0xce ./src/main.o

.debug_ranges   0x00000000      0x578
 .debug_ranges  0x00000000       0x58 ./CMSIS/EFM32PG12B/system_efm32pg12b.o
 .debug_ranges  0x00000058       0x10 ./emlib/em_assert.o
 .debug_ranges  0x00000068      0x1b0 ./emlib/em_cmu.o
 .debug_ranges  0x00000218      0x198 ./emlib/em_emu.o
 .debug_ranges  0x000003b0       0x78 ./emlib/em_gpio.o
 .debug_ranges  0x00000428       0x58 ./emlib/em_letimer.o
 .debug_ranges  0x00000480       0x30 ./src/Source_files/app.o
 .debug_ranges  0x000004b0       0x10 ./src/Source_files/cmu.o
 .debug_ranges  0x000004c0       0x10 ./src/Source_files/gpio.o
 .debug_ranges  0x000004d0       0x28 ./src/Source_files/letimer.o
 .debug_ranges  0x000004f8       0x28 ./src/Source_files/scheduler.o
 .debug_ranges  0x00000520       0x38 ./src/Source_files/sleep_routines.o
 .debug_ranges  0x00000558       0x20 ./src/main.o

.debug_macro    0x00000000    0x33196
 .debug_macro   0x00000000      0x282 ./CMSIS/EFM32PG12B/system_efm32pg12b.o
 .debug_macro   0x00000282      0xa54 ./CMSIS/EFM32PG12B/system_efm32pg12b.o
 .debug_macro   0x00000cd6       0x22 ./CMSIS/EFM32PG12B/system_efm32pg12b.o
 .debug_macro   0x00000cf8       0x4f ./CMSIS/EFM32PG12B/system_efm32pg12b.o
 .debug_macro   0x00000d47       0x51 ./CMSIS/EFM32PG12B/system_efm32pg12b.o
 .debug_macro   0x00000d98       0xef ./CMSIS/EFM32PG12B/system_efm32pg12b.o
 .debug_macro   0x00000e87       0x6a ./CMSIS/EFM32PG12B/system_efm32pg12b.o
 .debug_macro   0x00000ef1      0x1df ./CMSIS/EFM32PG12B/system_efm32pg12b.o
 .debug_macro   0x000010d0      0x4b1 ./CMSIS/EFM32PG12B/system_efm32pg12b.o
 .debug_macro   0x00001581       0x1c ./CMSIS/EFM32PG12B/system_efm32pg12b.o
 .debug_macro   0x0000159d       0x22 ./CMSIS/EFM32PG12B/system_efm32pg12b.o
 .debug_macro   0x000015bf       0xdf ./CMSIS/EFM32PG12B/system_efm32pg12b.o
 .debug_macro   0x0000169e      0xff5 ./CMSIS/EFM32PG12B/system_efm32pg12b.o
 .debug_macro   0x00002693       0xe2 ./CMSIS/EFM32PG12B/system_efm32pg12b.o
 .debug_macro   0x00002775      0xe1d ./CMSIS/EFM32PG12B/system_efm32pg12b.o
 .debug_macro   0x00003592     0x2276 ./CMSIS/EFM32PG12B/system_efm32pg12b.o
 .debug_macro   0x00005808      0x32a ./CMSIS/EFM32PG12B/system_efm32pg12b.o
 .debug_macro   0x00005b32     0x3119 ./CMSIS/EFM32PG12B/system_efm32pg12b.o
 .debug_macro   0x00008c4b     0x1bbb ./CMSIS/EFM32PG12B/system_efm32pg12b.o
 .debug_macro   0x0000a806     0x2675 ./CMSIS/EFM32PG12B/system_efm32pg12b.o
 .debug_macro   0x0000ce7b     0x1b1a ./CMSIS/EFM32PG12B/system_efm32pg12b.o
 .debug_macro   0x0000e995      0xe2c ./CMSIS/EFM32PG12B/system_efm32pg12b.o
 .debug_macro   0x0000f7c1      0x345 ./CMSIS/EFM32PG12B/system_efm32pg12b.o
 .debug_macro   0x0000fb06      0x29e ./CMSIS/EFM32PG12B/system_efm32pg12b.o
 .debug_macro   0x0000fda4     0x2764 ./CMSIS/EFM32PG12B/system_efm32pg12b.o
 .debug_macro   0x00012508     0x31cd ./CMSIS/EFM32PG12B/system_efm32pg12b.o
 .debug_macro   0x000156d5     0x136c ./CMSIS/EFM32PG12B/system_efm32pg12b.o
 .debug_macro   0x00016a41      0xde3 ./CMSIS/EFM32PG12B/system_efm32pg12b.o
 .debug_macro   0x00017824      0x249 ./CMSIS/EFM32PG12B/system_efm32pg12b.o
 .debug_macro   0x00017a6d     0x1043 ./CMSIS/EFM32PG12B/system_efm32pg12b.o
 .debug_macro   0x00018ab0     0x1606 ./CMSIS/EFM32PG12B/system_efm32pg12b.o
 .debug_macro   0x0001a0b6     0x3cb8 ./CMSIS/EFM32PG12B/system_efm32pg12b.o
 .debug_macro   0x0001dd6e     0x23fd ./CMSIS/EFM32PG12B/system_efm32pg12b.o
 .debug_macro   0x0002016b      0x70d ./CMSIS/EFM32PG12B/system_efm32pg12b.o
 .debug_macro   0x00020878     0x26f0 ./CMSIS/EFM32PG12B/system_efm32pg12b.o
 .debug_macro   0x00022f68     0x1701 ./CMSIS/EFM32PG12B/system_efm32pg12b.o
 .debug_macro   0x00024669     0x2efc ./CMSIS/EFM32PG12B/system_efm32pg12b.o
 .debug_macro   0x00027565      0xfb0 ./CMSIS/EFM32PG12B/system_efm32pg12b.o
 .debug_macro   0x00028515      0x6c4 ./CMSIS/EFM32PG12B/system_efm32pg12b.o
 .debug_macro   0x00028bd9     0x1022 ./CMSIS/EFM32PG12B/system_efm32pg12b.o
 .debug_macro   0x00029bfb      0x889 ./CMSIS/EFM32PG12B/system_efm32pg12b.o
 .debug_macro   0x0002a484      0x500 ./CMSIS/EFM32PG12B/system_efm32pg12b.o
 .debug_macro   0x0002a984     0x1bc5 ./CMSIS/EFM32PG12B/system_efm32pg12b.o
 .debug_macro   0x0002c549       0x40 ./CMSIS/EFM32PG12B/system_efm32pg12b.o
 .debug_macro   0x0002c589      0x2ce ./CMSIS/EFM32PG12B/system_efm32pg12b.o
 .debug_macro   0x0002c857      0x382 ./CMSIS/EFM32PG12B/system_efm32pg12b.o
 .debug_macro   0x0002cbd9      0x190 ./CMSIS/EFM32PG12B/system_efm32pg12b.o
 .debug_macro   0x0002cd69     0x27bf ./CMSIS/EFM32PG12B/system_efm32pg12b.o
 .debug_macro   0x0002f528      0x304 ./CMSIS/EFM32PG12B/system_efm32pg12b.o
 .debug_macro   0x0002f82c      0x304 ./CMSIS/EFM32PG12B/system_efm32pg12b.o
 .debug_macro   0x0002fb30       0x23 ./emlib/em_assert.o
 .debug_macro   0x0002fb53      0x3a9 ./emlib/em_cmu.o
 .debug_macro   0x0002fefc       0x58 ./emlib/em_cmu.o
 .debug_macro   0x0002ff54      0x34d ./emlib/em_cmu.o
 .debug_macro   0x000302a1       0x25 ./emlib/em_cmu.o
 .debug_macro   0x000302c6       0xee ./emlib/em_cmu.o
 .debug_macro   0x000303b4       0x80 ./emlib/em_cmu.o
 .debug_macro   0x00030434      0x395 ./emlib/em_emu.o
 .debug_macro   0x000307c9       0x52 ./emlib/em_emu.o
 .debug_macro   0x0003081b       0x55 ./emlib/em_emu.o
 .debug_macro   0x00030870      0x353 ./emlib/em_emu.o
 .debug_macro   0x00030bc3       0xd9 ./emlib/em_emu.o
 .debug_macro   0x00030c9c       0x7a ./emlib/em_emu.o
 .debug_macro   0x00030d16      0x295 ./emlib/em_gpio.o
 .debug_macro   0x00030fab      0x2c1 ./emlib/em_letimer.o
 .debug_macro   0x0003126c      0x31c ./src/Source_files/app.o
 .debug_macro   0x00031588       0x28 ./src/Source_files/app.o
 .debug_macro   0x000315b0       0x3a ./src/Source_files/app.o
 .debug_macro   0x000315ea       0x10 ./src/Source_files/app.o
 .debug_macro   0x000315fa       0x28 ./src/Source_files/app.o
 .debug_macro   0x00031622       0x16 ./src/Source_files/app.o
 .debug_macro   0x00031638      0x29f ./src/Source_files/cmu.o
 .debug_macro   0x000318d7      0x2ae ./src/Source_files/gpio.o
 .debug_macro   0x00031b85      0x2ea ./src/Source_files/letimer.o
 .debug_macro   0x00031e6f      0x293 ./src/Source_files/scheduler.o
 .debug_macro   0x00032102      0x2c4 ./src/Source_files/sleep_routines.o
 .debug_macro   0x000323c6      0x45d ./src/main.o
 .debug_macro   0x00032823       0x16 ./src/main.o
 .debug_macro   0x00032839       0x97 ./src/main.o
 .debug_macro   0x000328d0       0xf6 ./src/main.o
 .debug_macro   0x000329c6       0x10 ./src/main.o
 .debug_macro   0x000329d6       0x10 ./src/main.o
 .debug_macro   0x000329e6       0xb6 ./src/main.o
 .debug_macro   0x00032a9c       0x16 ./src/main.o
 .debug_macro   0x00032ab2      0x129 ./src/main.o
 .debug_macro   0x00032bdb       0xd6 ./src/main.o
 .debug_macro   0x00032cb1       0x76 ./src/main.o
 .debug_macro   0x00032d27       0xf1 ./src/main.o
 .debug_macro   0x00032e18       0x3a ./src/main.o
 .debug_macro   0x00032e52      0x344 ./src/main.o

.debug_frame    0x00000000     0x17e8
 .debug_frame   0x00000000      0x164 ./CMSIS/EFM32PG12B/system_efm32pg12b.o
 .debug_frame   0x00000164       0x2c ./emlib/em_assert.o
 .debug_frame   0x00000190      0x794 ./emlib/em_cmu.o
 .debug_frame   0x00000924      0x6f0 ./emlib/em_emu.o
 .debug_frame   0x00001014      0x21c ./emlib/em_gpio.o
 .debug_frame   0x00001230      0x180 ./emlib/em_letimer.o
 .debug_frame   0x000013b0       0xac ./src/Source_files/app.o
 .debug_frame   0x0000145c       0x2c ./src/Source_files/cmu.o
 .debug_frame   0x00001488       0x2c ./src/Source_files/gpio.o
 .debug_frame   0x000014b4       0xa4 ./src/Source_files/letimer.o
 .debug_frame   0x00001558       0xa0 ./src/Source_files/scheduler.o
 .debug_frame   0x000015f8       0xe4 ./src/Source_files/sleep_routines.o
 .debug_frame   0x000016dc       0x78 ./src/main.o
 .debug_frame   0x00001754       0x28 c:/siliconlabs/simplicitystudio/v4/developer/toolchains/gnu_arm/7.2_2017q4/bin/../lib/gcc/arm-none-eabi/7.2.1/../../../../arm-none-eabi/lib/thumb/v7e-m/fpv4-sp/softfp\libc_nano.a(lib_a-exit.o)
 .debug_frame   0x0000177c       0x2c c:/siliconlabs/simplicitystudio/v4/developer/toolchains/gnu_arm/7.2_2017q4/bin/../lib/gcc/arm-none-eabi/7.2.1/../../../../arm-none-eabi/lib/thumb/v7e-m/fpv4-sp/softfp\libc_nano.a(lib_a-init.o)
 .debug_frame   0x000017a8       0x20 c:/siliconlabs/simplicitystudio/v4/developer/toolchains/gnu_arm/7.2_2017q4/bin/../lib/gcc/arm-none-eabi/7.2.1/../../../../arm-none-eabi/lib/thumb/v7e-m/fpv4-sp/softfp\libc_nano.a(lib_a-memset.o)
 .debug_frame   0x000017c8       0x20 c:/siliconlabs/simplicitystudio/v4/developer/toolchains/gnu_arm/7.2_2017q4/bin/../lib/gcc/arm-none-eabi/7.2.1/../../../../arm-none-eabi/lib/thumb/v7e-m/fpv4-sp/softfp\libnosys.a(_exit.o)
